../Core/Src/stm32f4xx_it.c:76:6:NMI_Handler	4	static
../Core/Src/stm32f4xx_it.c:91:6:HardFault_Handler	4	static
../Core/Src/stm32f4xx_it.c:106:6:MemManage_Handler	4	static
../Core/Src/stm32f4xx_it.c:121:6:BusFault_Handler	4	static
../Core/Src/stm32f4xx_it.c:136:6:UsageFault_Handler	4	static
../Core/Src/stm32f4xx_it.c:151:6:DebugMon_Handler	4	static
../Core/Src/stm32f4xx_it.c:171:6:TIM1_UP_TIM10_IRQHandler	8	static
../Core/Src/stm32f4xx_it.c:186:6:TIM1_CC_IRQHandler	8	static
../Core/Src/stm32f4xx_it.c:200:6:TIM2_IRQHandler	8	static
../Core/Src/stm32f4xx_it.c:214:6:USART1_IRQHandler	8	static
../Core/Src/stm32f4xx_it.c:228:6:USART2_IRQHandler	8	static
../Core/Src/stm32f4xx_it.c:242:6:TIM5_IRQHandler	8	static
../Core/Src/stm32f4xx_it.c:256:6:DMA2_Stream5_IRQHandler	8	static
